#
# There is insufficient memory for the Java Runtime Environment to continue.
# Native memory allocation (mmap) failed to map 268435456 bytes. Error detail: G1 virtual space
# Possible reasons:
#   The system is out of physical RAM or swap space
#   This process is running with CompressedOops enabled, and the Java Heap may be blocking the growth of the native heap
# Possible solutions:
#   Reduce memory load on the system
#   Increase physical memory or swap space
#   Check if swap backing store is full
#   Decrease Java heap size (-Xmx/-Xms)
#   Decrease number of Java threads
#   Decrease Java thread stack sizes (-Xss)
#   Set larger code cache with -XX:ReservedCodeCacheSize=
#   JVM is running with Zero Based Compressed Oops mode in which the Java heap is
#     placed in the first 32GB address space. The Java Heap base address is the
#     maximum limit for the native heap growth. Please use -XX:HeapBaseMinAddress
#     to set the Java Heap base and to place the Java Heap above 32GB virtual address.
# This output file may be truncated or incomplete.
#
#  Out of Memory Error (os_windows.cpp:3926), pid=48572, tid=22156
#
# JRE version:  (21.0.10) (build )
# Java VM: OpenJDK 64-Bit Server VM (21.0.10+-14961533-b1163.108, mixed mode, sharing, tiered, compressed oops, compressed class ptrs, g1 gc, windows-amd64)
# No core dump will be written. Minidumps are not enabled by default on client versions of Windows
#

---------------  S U M M A R Y ------------

Command Line: git4idea.http.GitAskPassApp Username for 'https://github.com': 

Host: Intel(R) Core(TM) i7-7700HQ CPU @ 2.80GHz, 8 cores, 15G,  Windows 11 , 64 bit Build 22621 (10.0.22621.5415)
Time: Sun Apr  5 12:51:44 2026 SE Asia Standard Time elapsed time: 0.017286 seconds (0d 0h 0m 0s)

---------------  T H R E A D  ---------------

Current thread (0x0000025981b21df0):  JavaThread "Unknown thread" [_thread_in_vm, id=22156, stack(0x000000dfeb500000,0x000000dfeb600000) (1024K)]

Stack: [0x000000dfeb500000,0x000000dfeb600000]
Native frames: (J=compiled Java code, j=interpreted, Vv=VM code, C=native code)
V  [jvm.dll+0x6d78a9]
V  [jvm.dll+0x8665b3]
V  [jvm.dll+0x868bde]
V  [jvm.dll+0x8692c3]
V  [jvm.dll+0x280ee6]
V  [jvm.dll+0x6d4165]
V  [jvm.dll+0x6c77fa]
V  [jvm.dll+0x358f4b]
V  [jvm.dll+0x360bc6]
V  [jvm.dll+0x3b2ea6]
V  [jvm.dll+0x3b3178]
V  [jvm.dll+0x32b65c]
V  [jvm.dll+0x32c34b]
V  [jvm.dll+0x82f449]
V  [jvm.dll+0x3c0078]
V  [jvm.dll+0x8185e8]
V  [jvm.dll+0x45449e]
V  [jvm.dll+0x455c01]
C  [jli.dll+0x52ab]
C  [ucrtbase.dll+0x29333]
C  [KERNEL32.DLL+0x1259d]
C  [ntdll.dll+0x5af78]


---------------  P R O C E S S  ---------------

Threads class SMR info:
_java_thread_list=0x00007ffbf4e6b9c8, length=0, elements={
}

Java Threads: ( => current thread )
Total: 0

Other Threads:
  0x0000025983f11d70 WorkerThread "GC Thread#0"                     [id=33788, stack(0x000000dfeb600000,0x000000dfeb700000) (1024K)]
  0x0000025983f22d20 ConcurrentGCThread "G1 Main Marker"            [id=14076, stack(0x000000dfeb700000,0x000000dfeb800000) (1024K)]
  0x0000025983f23fd0 WorkerThread "G1 Conc#0"                       [id=48948, stack(0x000000dfeb800000,0x000000dfeb900000) (1024K)]

[error occurred during error reporting (printing all threads), id 0xc0000005, EXCEPTION_ACCESS_VIOLATION (0xc0000005) at pc=0x00007ffbf465e637]
VM state: not at safepoint (not fully initialized)

VM Mutex/Monitor currently owned by a thread:  ([mutex/lock_event])
[0x00007ffbf4ed87d0] Heap_lock - owner thread: 0x0000025981b21df0

Heap address: 0x0000000701a00000, size: 4070 MB, Compressed Oops mode: Zero based, Oop shift amount: 3

CDS archive(s) mapped at: [0x0000000000000000-0x0000000000000000-0x0000000000000000), size 0, SharedBaseAddress: 0x0000000800000000, ArchiveRelocationMode: 1.
Narrow klass base: 0x0000000000000000, Narrow klass shift: 0, Narrow klass range: 0x0

GC Precious Log:
 CardTable entry size: 512
 Card Set container configuration: InlinePtr #cards 4 size 8 Array Of Cards #cards 16 size 48 Howl #buckets 8 coarsen threshold 3686 Howl Bitmap #cards 512 size 80 coarsen threshold 460 Card regions per heap region 1 cards per card region 4096

Heap:
 garbage-first heap   total 0K, used 0K [0x0000000701a00000, 0x0000000800000000)
  region size 2048K, 0 young (0K), 0 survivors (0K)
 Metaspace       used 0K, committed 0K, reserved 0K
  class space    used 0K, committed 0K, reserved 0K

Heap Regions: E=young(eden), S=young(survivor), O=old, HS=humongous(starts), HC=humongous(continues), CS=collection set, F=free, TAMS=top-at-mark-start, PB=parsable bottom

Card table byte_map: [0x0000025996b40000,0x0000025997340000] _byte_map_base: 0x0000025993333000

Marking Bits: (CMBitMap*) 0x0000025983f12480
 Bits: [0x0000025997340000, 0x000002599b2d8000)

GC Heap History (0 events):
No events

Dll operation events (1 events):
Event: 0.011 Loaded shared library C:\Program Files\Android\Android Studio\jbr\bin\java.dll

Deoptimization events (0 events):
No events

Classes loaded (0 events):
No events

Classes unloaded (0 events):
No events

Classes redefined (0 events):
No events

Internal exceptions (0 events):
No events

ZGC Phase Switch (0 events):
No events

VM Operations (0 events):
No events

Memory protections (0 events):
No events

Nmethod flushes (0 events):
No events

Events (0 events):
No events


Dynamic libraries:
0x00007ff6b7a30000 - 0x00007ff6b7a3a000 	C:\Program Files\Android\Android Studio\jbr\bin\java.exe
0x00007ffcdb890000 - 0x00007ffcdbaa8000 	C:\Windows\SYSTEM32\ntdll.dll
0x00007ffcdab80000 - 0x00007ffcdac44000 	C:\Windows\System32\KERNEL32.DLL
0x00007ffcd9150000 - 0x00007ffcd9523000 	C:\Windows\System32\KERNELBASE.dll
0x00007ffcd8ec0000 - 0x00007ffcd8fd1000 	C:\Windows\System32\ucrtbase.dll
0x00007ffccf920000 - 0x00007ffccf93b000 	C:\Program Files\Android\Android Studio\jbr\bin\VCRUNTIME140.dll
0x00007ffcbf850000 - 0x00007ffcbf868000 	C:\Program Files\Android\Android Studio\jbr\bin\jli.dll
0x00007ffcd9cb0000 - 0x00007ffcd9e62000 	C:\Windows\System32\USER32.dll
0x00007ffcd9060000 - 0x00007ffcd9086000 	C:\Windows\System32\win32u.dll
0x00007ffcc5f80000 - 0x00007ffcc621c000 	C:\Windows\WinSxS\amd64_microsoft.windows.common-controls_6595b64144ccf1df_6.0.22621.6060_none_2712eda17382d24b\COMCTL32.dll
0x00007ffcdb030000 - 0x00007ffcdb059000 	C:\Windows\System32\GDI32.dll
0x00007ffcd9a50000 - 0x00007ffcd9af7000 	C:\Windows\System32\msvcrt.dll
0x00007ffcd8d20000 - 0x00007ffcd8e3b000 	C:\Windows\System32\gdi32full.dll
0x00007ffcd89a0000 - 0x00007ffcd8a3a000 	C:\Windows\System32\msvcp_win.dll
0x00007ffcdb5d0000 - 0x00007ffcdb601000 	C:\Windows\System32\IMM32.DLL
0x00007ffccf910000 - 0x00007ffccf91c000 	C:\Program Files\Android\Android Studio\jbr\bin\vcruntime140_1.dll
0x00007ffc68db0000 - 0x00007ffc68e3d000 	C:\Program Files\Android\Android Studio\jbr\bin\msvcp140.dll
0x00007ffbf4320000 - 0x00007ffbf4fb6000 	C:\Program Files\Android\Android Studio\jbr\bin\server\jvm.dll
0x00007ffcdb170000 - 0x00007ffcdb221000 	C:\Windows\System32\ADVAPI32.dll
0x00007ffcdb7a0000 - 0x00007ffcdb848000 	C:\Windows\System32\sechost.dll
0x00007ffcd8a40000 - 0x00007ffcd8a68000 	C:\Windows\System32\bcrypt.dll
0x00007ffcdb610000 - 0x00007ffcdb728000 	C:\Windows\System32\RPCRT4.dll
0x00007ffcd9e70000 - 0x00007ffcd9ee1000 	C:\Windows\System32\WS2_32.dll
0x00007ffcd77b0000 - 0x00007ffcd77fd000 	C:\Windows\SYSTEM32\POWRPROF.dll
0x00007ffcd3420000 - 0x00007ffcd3454000 	C:\Windows\SYSTEM32\WINMM.dll
0x00007ffcd3200000 - 0x00007ffcd320a000 	C:\Windows\SYSTEM32\VERSION.dll
0x00007ffcd7790000 - 0x00007ffcd77a3000 	C:\Windows\SYSTEM32\UMPDC.dll
0x00007ffcd7a30000 - 0x00007ffcd7a48000 	C:\Windows\SYSTEM32\kernel.appcore.dll
0x00007ffccf8b0000 - 0x00007ffccf8ba000 	C:\Program Files\Android\Android Studio\jbr\bin\jimage.dll
0x00007ffcc5510000 - 0x00007ffcc5743000 	C:\Windows\SYSTEM32\DBGHELP.DLL
0x00007ffcdb230000 - 0x00007ffcdb5c1000 	C:\Windows\System32\combase.dll
0x00007ffcd9bd0000 - 0x00007ffcd9ca8000 	C:\Windows\System32\OLEAUT32.dll
0x00007ffcc54d0000 - 0x00007ffcc5502000 	C:\Windows\SYSTEM32\dbgcore.DLL
0x00007ffcd8fe0000 - 0x00007ffcd905b000 	C:\Windows\System32\bcryptPrimitives.dll
0x00007ffccf830000 - 0x00007ffccf850000 	C:\Program Files\Android\Android Studio\jbr\bin\java.dll

JVMTI agents: none

dbghelp: loaded successfully - version: 4.0.5 - missing functions: none
symbol engine: initialized successfully - sym options: 0x614 - pdb path: .;C:\Program Files\Android\Android Studio\jbr\bin;C:\Windows\SYSTEM32;C:\Windows\WinSxS\amd64_microsoft.windows.common-controls_6595b64144ccf1df_6.0.22621.6060_none_2712eda17382d24b;C:\Program Files\Android\Android Studio\jbr\bin\server

VM Arguments:
java_command: git4idea.http.GitAskPassApp Username for 'https://github.com': 
java_class_path (initial): C:/Program Files/Android/Android Studio/plugins/vcs-git/lib/git4idea-rt.jar;C:/Program Files/Android/Android Studio/lib/externalProcess-rt.jar
Launcher Type: SUN_STANDARD

[Global flags]
     intx CICompilerCount                          = 4                                         {product} {ergonomic}
     uint ConcGCThreads                            = 2                                         {product} {ergonomic}
     uint G1ConcRefinementThreads                  = 8                                         {product} {ergonomic}
   size_t G1HeapRegionSize                         = 2097152                                   {product} {ergonomic}
    uintx GCDrainStackTargetSize                   = 64                                        {product} {ergonomic}
   size_t InitialHeapSize                          = 268435456                                 {product} {ergonomic}
   size_t MarkStackSize                            = 4194304                                   {product} {ergonomic}
   size_t MaxHeapSize                              = 4267704320                                {product} {ergonomic}
   size_t MinHeapDeltaBytes                        = 2097152                                   {product} {ergonomic}
   size_t MinHeapSize                              = 8388608                                   {product} {ergonomic}
    uintx NonNMethodCodeHeapSize                   = 5839372                                {pd product} {ergonomic}
    uintx NonProfiledCodeHeapSize                  = 122909434                              {pd product} {ergonomic}
    uintx ProfiledCodeHeapSize                     = 122909434                              {pd product} {ergonomic}
    uintx ReservedCodeCacheSize                    = 251658240                              {pd product} {ergonomic}
     bool SegmentedCodeCache                       = true                                      {product} {ergonomic}
   size_t SoftMaxHeapSize                          = 4267704320                             {manageable} {ergonomic}
     bool UseCompressedOops                        = true                           {product lp64_product} {ergonomic}
     bool UseG1GC                                  = true                                      {product} {ergonomic}
     bool UseLargePagesIndividualAllocation        = false                                  {pd product} {ergonomic}

Logging:
Log output configuration:
 #0: stdout all=warning uptime,level,tags foldmultilines=false
 #1: stderr all=off uptime,level,tags foldmultilines=false

Release file:
<release file has not been read>
Environment Variables:
PATH=C:/Program Files/Git/mingw64/libexec/git-core;C:/Program Files/Git/mingw64/libexec/git-core;C:\Program Files\Git\mingw64\bin;C:\Program Files\Git\usr\bin;C:\Users\Legion\bin;C:\Python314\Scripts\;C:\Python314\;C:\Program Files\Common Files\Oracle\Java\javapath;C:\Program Files\Volta\;C:\Windows\system32;C:\Windows;C:\Windows\System32\Wbem;C:\Windows\System32\WindowsPowerShell\v1.0\;C:\Windows\System32\OpenSSH\;C:\Program Files\dotnet\;C:\Program Files\Git\cmd;C:\ProgramData\chocolatey\bin;C:\Users\Legion\AppData\Local\nvm;C:\nvm4w\nodejs;C:\Program Files\GitHub CLI\;C:\Program Files\Kubernetes\Minikube;C:\Program Files\Go\bin;C:\ProgramData\mingw64\mingw64\bin;C:\Program Files (x86)\Google\Cloud SDK\google-cloud-sdk\bin;C:\Program Files (x86)\Windows Kits\10\Windows Performance Toolkit\;C:\Program Files\Gpg4win\..\GnuPG\bin;C:\Users\Legion\AppData\Local\nvm;C:\nvm4w\nodejs;C:\Program Files\CMake\bin;C:\Program Files\nodejs\;C:\Program Files\PyManager\
USERNAME=Legion
DISPLAY=:0.0
LC_ALL=en_US.UTF-8
TERM=xterm-256color
TMPDIR=C:\Users\Legion\AppData\Local\Temp
OS=Windows_NT
PROCESSOR_IDENTIFIER=Intel64 Family 6 Model 158 Stepping 9, GenuineIntel
TMP=C:\Users\Legion\AppData\Local\Temp
TEMP=C:\Users\Legion\AppData\Local\Temp




Periodic native trim disabled

JNI global refs:
JNI global refs: 0, weak refs: 0

JNI global refs memory usage: 0, weak refs: 0

Process memory usage:
Resident Set Size: 12184K (0% of 16666788K total physical memory with 1299820K free physical memory)

OOME stack traces (most recent first):
Classloader memory used:

---------------  S Y S T E M  ---------------

OS:
 Windows 11 , 64 bit Build 22621 (10.0.22621.5415)
OS uptime: 7 days 14:04 hours
Hyper-V role detected

CPU: total 8 (initial active 8) (4 cores per cpu, 2 threads per core) family 6 model 158 stepping 9 microcode 0xde, cx8, cmov, fxsr, ht, mmx, 3dnowpref, sse, sse2, sse3, ssse3, sse4.1, sse4.2, popcnt, lzcnt, tsc, tscinvbit, avx, avx2, aes, erms, clmul, bmi1, bmi2, adx, fma, vzeroupper, clflush, clflushopt, hv, rdtscp, f16c
Processor Information for the first 8 processors :
  Max Mhz: 2801, Current Mhz: 2800, Mhz Limit: 2772

Memory: 4k page, system-wide physical 16276M (1269M free)
TotalPageFile size 65428M (AvailPageFile size 232M)
current process WorkingSet (physical memory assigned to process): 11M, peak: 11M
current process commit charge ("private bytes"): 60M, peak: 316M

vm_info: OpenJDK 64-Bit Server VM (21.0.10+-14961533-b1163.108) for windows-amd64 JRE (21.0.10+-14961533-b1163.108), built on 2026-03-02T19:58:50Z by "builder" with MS VC++ 16.10 / 16.11 (VS2019)

END.
